Microchip MPLAB XC8 Compiler V2.10 ()

Linker command line:

-W-3 --edf=C:\Program Files (x86)\Microchip\xc8\v2.10\pic\dat\en_msgs.txt \
  -cs -h+dist/default/production\SPARC.X.production.sym \
  --cmf=dist/default/production\SPARC.X.production.cmf -z -Q18F4550 \
  -oC:\Users\saenz\AppData\Local\Temp\slo0.2 --defsym=__MPLAB_BUILD=1 \
  -Mdist/default/production/SPARC.X.production.map -E1 -ver=XC8 \
  --acfsm=1493 -ASTACK=01F0h-07FFh -pstack=STACK -ACODE=00h-07FFFh \
  -ACONST=00h-07FFFh -ASMALLCONST=0800h-08FFhx120 \
  -AMEDIUMCONST=0800h-07FFFh -ACOMRAM=01h-05Fh -AABS1=00h-07FFh \
  -ABIGRAM=01h-07FFh -ARAM=060h-0FFh,0100h-01FFhx7 -ABANK0=060h-0FFh \
  -ABANK1=0100h-01FFh -ABANK2=0200h-02FFh -ABANK3=0300h-03FFh \
  -ABANK4=0400h-04FFh -ABANK5=0500h-05FFh -ABANK6=0600h-06FFh \
  -ABANK7=0700h-07FFh -ASFR=0F60h-0FFFh \
  -preset_vec=00h,intcode=08h,intcodelo,powerup,init -pramtop=0800h \
  -psmallconst=SMALLCONST -pmediumconst=MEDIUMCONST -pconst=CONST \
  -AFARRAM=00h-00h -ACONFIG=0300000h-030000Dh -pconfig=CONFIG \
  -AIDLOC=0200000h-0200007h -pidloc=IDLOC -AEEDATA=0F00000h-0F000FFh \
  -peeprom_data=EEDATA \
  -prdata=COMRAM,nvrram=COMRAM,nvbit=COMRAM,rbss=COMRAM,rbit=COMRAM \
  -pfarbss=FARRAM,fardata=FARRAM,nvFARRAM=FARRAM \
  -pintsave_regs=BIGRAM,bigbss=BIGRAM,bigdata=BIGRAM -pbss=RAM \
  -pidata=CODE,irdata=CODE,ibigdata=CODE,ifardata=CODE -prparam=COMRAM \
  C:\Users\saenz\AppData\Local\Temp\slo0.o \
  dist/default/production\SPARC.X.production.o 

Object code version is 3.11

Machine type is 18F4550

Call graph: (short form)




                Name                               Link     Load   Length Selector   Space Scale
C:\Users\saenz\AppData\Local\Temp\slo0.o
                init                                  E        E        4        4       0
                reset_vec                             0        0        4        0       0
                idloc                            200000   200000        8   200000       0
                config                           300000   300000        E   300000       0
dist/default/production\SPARC.X.production.o
                intcode                               8        8        6        4       0
                temp                                 5E       5E        1        1       1
                mediumconst                        7F00     7F00      100     3F80       0
                text80                             6D2A     6D2A       20        4       0
                text79                             6E2C     6E2C        C        4       0
                text78                             68CE     68CE       48        4       0
                text77                             6DE2     6DE2       16        4       0
                text76                             4212     4212      39A        4       0
                text75                             5C28     5C28      106        4       0
                text74                             4E9A     4E9A      1B4        4       0
                text73                             6558     6558       72        4       0
                text72                             6D0A     6D0A       20        4       0
                text71                             6BB4     6BB4       30        4       0
                text70                             6B84     6B84       30        4       0
                text69                             5338     5338      152        4       0
                text68                             6886     6886       48        4       0
                text67                             683E     683E       48        4       0
                text66                             67F6     67F6       48        4       0
                intcode_body                       64E6     64E6       72        4       0
                text64                             6D66     6D66       1C        4       0
                text63                             6D9C     6D9C       1A        4       0
                text62                             6E0C     6E0C       14        4       0
                text61                             6D4A     6D4A       1C        4       0
                text60                             6DF8     6DF8       14        4       0
                text59                             6C80     6C80       26        4       0
                text58                             6474     6474       72        4       0
                text57                             671A     671A       4C        4       0
                text56                             66CE     66CE       4C        4       0
                text55                             6C5A     6C5A       26        4       0
                text54                             6C34     6C34       26        4       0
                text53                             6958     6958       42        4       0
                text52                             6C0C     6C0C       28        4       0
                text51                             3E76     3E76      39C        4       0
                text50                             6A10     6A10       3A        4       0
                text49                             30C8     30C8      4C2        4       0
                text48                             67AE     67AE       48        4       0
                text47                             4CE2     4CE2      1B8        4       0
                text46                             6A82     6A82       36        4       0
                text45                             3A4A     3A4A      42C        4       0
                text44                             4AA4     4AA4      23E        4       0
                text43                             5B22     5B22      106        4       0
                text42                             6CA6     6CA6       24        4       0
                text41                             358A     358A      4C0        4       0
                text40                               12       12     2A68        4       0
                text39                             5D2E     5D2E       F4        4       0
                text38                             6D82     6D82       1A        4       0
                text37                             6A4A     6A4A       38        4       0
                text36                             590C     590C      10E        4       0
                text35                             608C     608C       B2        4       0
                text34                             45AC     45AC      28E        4       0
                text33                             6306     6306       84        4       0
                text32                             6282     6282       84        4       0
                text31                             5A1A     5A1A      108        4       0
                text30                             6400     6400       74        4       0
                text29                             6CEA     6CEA       20        4       0
                text28                             6CCA     6CCA       20        4       0
                text27                             6B52     6B52       32        4       0
                text26                             6B20     6B20       32        4       0
                text25                             51DC     51DC      15C        4       0
                text24                             61EE     61EE       94        4       0
                text23                             6622     6622       58        4       0
                text22                             483A     483A      26A        4       0
                text21                             6BE4     6BE4       28        4       0
                text20                             69D6     69D6       3A        4       0
                text19                             667A     667A       54        4       0
                text18                             504E     504E      18E        4       0
                text17                             5F04     5F04       D6        4       0
                text16                             5E22     5E22       E2        4       0
                text15                             6AEC     6AEC       34        4       0
                text14                             548A     548A      142        4       0
                text13                             6DCC     6DCC       16        4       0
                text12                             6AB8     6AB8       34        4       0
                text11                             57FC     57FC      110        4       0
                text10                             56EA     56EA      112        4       0
                text9                              6916     6916       42        4       0
                text8                              55CC     55CC      11E        4       0
                text7                              65CA     65CA       58        4       0
                text6                              6DB6     6DB6       16        4       0
                text5                              613E     613E       B0        4       0
                text4                              2A7A     2A7A      64E        4       0
                text3                              638A     638A       76        4       0
                text2                              6E20     6E20        C        4       0
                text1                              6766     6766       48        4       0
                text0                              5FDA     5FDA       B2        4       0
                cstackCOMRAM                          1        1       3F        1       1
                cstackBANK0                          60       60       9F       60       1
                cstackBANK1                         100      100       BC      100       1
                bssBANK1                            1BC      1BC       34      100       1
                bssBANK0                             FF       FF        1       60       1
                dataCOMRAM                           5D       5D        1        1       1
                bssCOMRAM                            40       40       1D        1       1
                cinit                              699A     699A       3C        4       0
                idataCOMRAM                        6E38     6E38        1        4       0

TOTAL           Name                               Link     Load   Length     Space
        CLASS   STACK          

        CLASS   CODE           
                intcode                               8        8        6         0
                init                                  E        E        4         0
                reset_vec                             0        0        4         0
                text80                             6D2A     6D2A       20         0
                text79                             6E2C     6E2C        C         0
                text78                             68CE     68CE       48         0
                text77                             6DE2     6DE2       16         0
                text76                             4212     4212      39A         0
                text75                             5C28     5C28      106         0
                text74                             4E9A     4E9A      1B4         0
                text73                             6558     6558       72         0
                text72                             6D0A     6D0A       20         0
                text71                             6BB4     6BB4       30         0
                text70                             6B84     6B84       30         0
                text69                             5338     5338      152         0
                text68                             6886     6886       48         0
                text67                             683E     683E       48         0
                text66                             67F6     67F6       48         0
                intcode_body                       64E6     64E6       72         0
                text64                             6D66     6D66       1C         0
                text63                             6D9C     6D9C       1A         0
                text62                             6E0C     6E0C       14         0
                text61                             6D4A     6D4A       1C         0
                text60                             6DF8     6DF8       14         0
                text59                             6C80     6C80       26         0
                text58                             6474     6474       72         0
                text57                             671A     671A       4C         0
                text56                             66CE     66CE       4C         0
                text55                             6C5A     6C5A       26         0
                text54                             6C34     6C34       26         0
                text53                             6958     6958       42         0
                text52                             6C0C     6C0C       28         0
                text51                             3E76     3E76      39C         0
                text50                             6A10     6A10       3A         0
                text49                             30C8     30C8      4C2         0
                text48                             67AE     67AE       48         0
                text47                             4CE2     4CE2      1B8         0
                text46                             6A82     6A82       36         0
                text45                             3A4A     3A4A      42C         0
                text44                             4AA4     4AA4      23E         0
                text43                             5B22     5B22      106         0
                text42                             6CA6     6CA6       24         0
                text41                             358A     358A      4C0         0
                text40                               12       12     2A68         0
                text39                             5D2E     5D2E       F4         0
                text38                             6D82     6D82       1A         0
                text37                             6A4A     6A4A       38         0
                text36                             590C     590C      10E         0
                text35                             608C     608C       B2         0
                text34                             45AC     45AC      28E         0
                text33                             6306     6306       84         0
                text32                             6282     6282       84         0
                text31                             5A1A     5A1A      108         0
                text30                             6400     6400       74         0
                text29                             6CEA     6CEA       20         0
                text28                             6CCA     6CCA       20         0
                text27                             6B52     6B52       32         0
                text26                             6B20     6B20       32         0
                text25                             51DC     51DC      15C         0
                text24                             61EE     61EE       94         0
                text23                             6622     6622       58         0
                text22                             483A     483A      26A         0
                text21                             6BE4     6BE4       28         0
                text20                             69D6     69D6       3A         0
                text19                             667A     667A       54         0
                text18                             504E     504E      18E         0
                text17                             5F04     5F04       D6         0
                text16                             5E22     5E22       E2         0
                text15                             6AEC     6AEC       34         0
                text14                             548A     548A      142         0
                text13                             6DCC     6DCC       16         0
                text12                             6AB8     6AB8       34         0
                text11                             57FC     57FC      110         0
                text10                             56EA     56EA      112         0
                text9                              6916     6916       42         0
                text8                              55CC     55CC      11E         0
                text7                              65CA     65CA       58         0
                text6                              6DB6     6DB6       16         0
                text5                              613E     613E       B0         0
                text4                              2A7A     2A7A      64E         0
                text3                              638A     638A       76         0
                text2                              6E20     6E20        C         0
                text1                              6766     6766       48         0
                text0                              5FDA     5FDA       B2         0
                cinit                              699A     699A       3C         0
                idataCOMRAM                        6E38     6E38        1         0

        CLASS   CONST          

        CLASS   SMALLCONST     

        CLASS   MEDIUMCONST    
                mediumconst                        7F00     7F00      100         0

        CLASS   COMRAM         
                temp                                 5E       5E        1         1
                cstackCOMRAM                          1        1       3F         1
                dataCOMRAM                           5D       5D        1         1
                bssCOMRAM                            40       40       1D         1

        CLASS   ABS1           

        CLASS   BIGRAM         

        CLASS   RAM            

        CLASS   BANK0          
                cstackBANK0                          60       60       9F         1
                bssBANK0                             FF       FF        1         1

        CLASS   BANK1          
                cstackBANK1                         100      100       BC         1
                bssBANK1                            1BC      1BC       34         1

        CLASS   BANK2          

        CLASS   BANK3          

        CLASS   BANK4          

        CLASS   BANK5          

        CLASS   BANK6          

        CLASS   BANK7          

        CLASS   SFR            

        CLASS   FARRAM         

        CLASS   CONFIG         
                config                           300000   300000        E         0

        CLASS   IDLOC          
                idloc                            200000   200000        8         0

        CLASS   EEDATA         



SEGMENTS        Name                           Load    Length   Top    Selector   Space  Class

                reset_vec                      000000  000004  000004         0       0  CODE    
                cstackCOMRAM                   000001  00005E  00005F         1       1  COMRAM  
                intcode                        000008  006E31  006E39         4       0  CODE    
                cstackBANK0                    000060  0000A0  000100        60       1  BANK0   
                cstackBANK1                    000100  0000F0  0001F0       100       1  BANK1   
                mediumconst                    007F00  000100  008000      3F80       0  MEDIUMCO
                idloc                          200000  000008  200008    200000       0  IDLOC   
                config                         300000  00000E  30000E    300000       0  CONFIG  


UNUSED ADDRESS RANGES

        Name                Unused          Largest block    Delta
        BANK1            0001F0-0001FF               10
        BANK2            000200-0002FF              100
        BANK3            000300-0003FF              100
        BANK4            000400-0004FF              100
        BANK5            000500-0005FF              100
        BANK6            000600-0006FF              100
        BANK7            000700-0007FF              100
        BIGRAM           00005F-00005F                1
                         0001F0-0007FF              610
        CODE             000004-000007                4
                         006E39-007EFF             10C7
        COMRAM           00005F-00005F                1
        CONST            000004-000007                4
                         006E39-007EFF             10C7
        EEDATA           F00000-F000FF              100
        MEDIUMCONST      006E39-007EFF             10C7
        RAM              0001F0-0007FF              100
        SFR              000F60-000FFF               A0
        SMALLCONST       006E39-007EFF              100
        STACK            0001F0-0007FF              610

                                  Symbol Table

?_Control_InsertBits                     cstackBANK0  000060
?_Control_LecturaFiltro                  cstackBANK0  00006E
?_Motor_Conversion                       cstackBANK0  0000C2
?_PWM_OneshotX                           cstackBANK0  000060
?_PWM_OneshotY                           cstackBANK0  000060
?___aldiv                                cstackBANK0  000060
?___fladd                                cstackBANK0  000087
?___fldiv                                cstackBANK0  00009F
?___flmul                                cstackBANK0  00006E
?___flneg                                cstackBANK0  000060
?___flsub                                cstackBANK0  000097
?___fltol                                cstackBANK0  0000B8
?___wmul                                 cstackBANK0  000060
?___xxtofl                               cstackBANK0  000060
?_atoi                                   cstackBANK0  000067
?_fabsf                                  cstackBANK0  000060
?_isdigit                                cstackBANK0  000060
?_isspace                                cstackBANK0  000060
?_nanf                                   cstackBANK0  000060
?_powf                                   cstackBANK0  0000DC
?_scalbnf                                cstackBANK0  000087
?_sqrtf                                  cstackBANK0  0000AB
?i2_Motor_Conversion                     cstackCOMRAM 000032
?i2_PWM_OneshotX                         cstackCOMRAM 000001
?i2_PWM_OneshotY                         cstackCOMRAM 000001
?i2___fldiv                              cstackCOMRAM 00000F
?i2___fltol                              cstackCOMRAM 000028
?i2___xxtofl                             cstackCOMRAM 000001
Control_ConvertirDistancia@Volts         cstackBANK0  0000ED
Control_InsertBits@Bmas                  cstackBANK0  000060
Control_InsertBits@Bmenos                cstackBANK0  000065
Control_LecturaFiltro@i                  cstackBANK0  000076
Control_LecturaFiltro@lectura            cstackBANK0  000074
Control_LecturaFiltro@n                  cstackBANK0  00006E
Control_Z@Referencia                     cstackBANK0  0000F7
EEPROM_Rx@direccion                      cstackBANK0  000060
EEPROM_Tx@dato                           cstackBANK0  000060
EEPROM_Tx@direccion                      cstackBANK0  000061
Motor_Calcular_PasosX@coordenada_actualX cstackBANK0  000060
Motor_Calcular_PasosY@coordenada_actualY cstackBANK0  000060
Motor_Conversion@Coordenada              cstackBANK0  0000C2
Motor_Conversion@conversion              cstackBANK0  0000C4
Motor_Movimiento@Motor_CoordenadaX       cstackBANK0  0000C8
Motor_Movimiento@Motor_CoordenadaY       cstackBANK0  0000CA
Motor_Movimiento@Oupcode                 cstackBANK0  0000CC
Motor_Movimiento_Home@Motor_CoordenadaX  cstackCOMRAM 000038
Motor_Movimiento_Home@Motor_CoordenadaY  cstackCOMRAM 00003A
Motor_Movimiento_Home@Oupcode            cstackCOMRAM 00003C
PWM_GeneratePulsos@Oupcode               cstackBANK0  000067
PWM_GeneratePulsos@countX                cstackBANK0  000068
PWM_GeneratePulsos@countY                cstackBANK0  00006A
PWM_GeneratePulsos@pulsosX               cstackBANK0  000062
PWM_GeneratePulsos@pulsosY               cstackBANK0  000064
PWM_OneshotX@countX                      cstackBANK0  000060
PWM_OneshotY@countY                      cstackBANK0  000060
Seria_Decodificacion_Memoria@direccion   cstackBANK0  00006A
Serial_DecodificacionX@coordenadaX       cstackBANK0  00007B
Serial_DecodificacionX@i                 cstackBANK0  00007E
Serial_DecodificacionX@i_1354            cstackBANK0  000080
Serial_DecodificacionX@pointerCX         cstackBANK0  000078
Serial_DecodificacionX@string_coordenada cstackBANK0  000076
Serial_DecodificacionY@coordenadaY       cstackBANK0  00007C
Serial_DecodificacionY@i                 cstackBANK0  00007F
Serial_DecodificacionY@i_1360            cstackBANK0  000081
Serial_DecodificacionY@pointerCY         cstackBANK0  000078
Serial_DecodificacionY@string_coordenada cstackBANK0  000076
Serial_Escritura_Memoria@direccion       cstackBANK0  00006C
Serial_Escritura_Memoria@direccionFinal  cstackBANK0  000073
Serial_Escritura_Memoria@i               cstackBANK0  00006D
Serial_Escritura_Memoria@i_1416          cstackBANK0  00006F
Serial_Escritura_Memoria@i_1418          cstackBANK0  000071
Serial_Escritura_Memoria@string_setpoint cstackBANK0  000068
Serial_Lectura_MemoriaX@coordenadaX      cstackBANK0  00007B
Serial_Lectura_MemoriaX@direccion        cstackBANK0  000079
Serial_Lectura_MemoriaX@direccionX       cstackBANK0  00007A
Serial_Lectura_MemoriaX@i                cstackBANK0  00007E
Serial_Lectura_MemoriaX@i_1390           cstackBANK0  000080
Serial_Lectura_MemoriaX@pointerCX        cstackBANK0  000076
Serial_Lectura_MemoriaY@coordenadaY      cstackBANK0  00007B
Serial_Lectura_MemoriaY@direccion        cstackBANK0  000079
Serial_Lectura_MemoriaY@direccionY       cstackBANK0  00007A
Serial_Lectura_MemoriaY@i                cstackBANK0  00007E
Serial_Lectura_MemoriaY@i_1398           cstackBANK0  000080
Serial_Lectura_MemoriaY@pointerCY        cstackBANK0  000076
Serial_Lectura_MemoriaZ@coordenadaZ      cstackBANK0  00007B
Serial_Lectura_MemoriaZ@direccion        cstackBANK0  000079
Serial_Lectura_MemoriaZ@direccionZ       cstackBANK0  00007A
Serial_Lectura_MemoriaZ@i                cstackBANK0  00007E
Serial_Lectura_MemoriaZ@i_1406           cstackBANK0  000080
Serial_Lectura_MemoriaZ@pointerCZ        cstackBANK0  000076
Serial_Oupcode@Oupcode                   cstackBANK0  0000FE
Serial_Oupcode@instruction_counter       cstackBANK0  0000FD
Serial_RangosControl@C                   cstackBANK0  000060
Serial_RangosCoordenadas@C               cstackBANK0  000060
USART_Init@BAUD                          cstackBANK0  00006E
USART_Overflow@temp                      cstackBANK0  000068
USART_RxS@count                          cstackBANK0  00006F
USART_RxS@i                              cstackBANK0  000073
USART_RxS@length                         cstackBANK0  00006E
USART_RxS@pointer                        cstackBANK0  000069
USART_TxS@i                              cstackBANK0  000066
USART_TxS@length                         cstackBANK0  000062
USART_TxS@str                            cstackBANK0  000060
Usart_Interface_OFF@color                cstackBANK0  000060
Usart_Interface_ON@color                 cstackBANK0  000060
_ADCON0bits                              (abs)        000FC2
_ADCON1                                  (abs)        000FC1
_ADCON1bits                              (abs)        000FC1
_ADCON2bits                              (abs)        000FC0
_ADC_Init                                text52       006C0C
_ADC_Lectura                             text38       006D82
_ADRESH                                  (abs)        000FC4
_ADRESL                                  (abs)        000FC3
_Actuator_Hold                           text55       006C5A
_Actuator_Retract                        text54       006C34
_Actuator_Touch                          text53       006958
_BanderaX                                bssCOMRAM    000055
_BanderaY                                bssCOMRAM    000054
_C                                       bssBANK1     0001C8
_CCP1CON                                 (abs)        000FBD
_CCP2CON                                 (abs)        000FBA
_CCPR1L                                  (abs)        000FBE
_CCPR2L                                  (abs)        000FBB
_CMCON                                   (abs)        000FB4
_CREN                                    (abs)        007D5C
_Conexion_perdida                        bssBANK1     0001D7
_Control_ConvertirDistancia              text39       005D2E
_Control_ConvertirDistancia$3039         cstackBANK0  0000EF
_Control_ConvertirDistancia$3040         cstackBANK0  0000F3
_Control_InsertBits                      text37       006A4A
_Control_LecturaFiltro                   text35       00608C
_Control_Z                               text34       0045AC
_CoordenadaX                             bssBANK1     0001EE
_CoordenadaXX                            bssBANK1     0001D1
_CoordenadaY                             bssBANK1     0001EC
_CoordenadaYY                            bssBANK1     0001CF
_CoordenadaZ                             bssBANK1     0001EA
_Coordenadas_control_fuera               bssBANK1     0001D4
_Coordenadas_fuera                       bssBANK1     0001D6
_Coordenadas_mal                         bssBANK1     0001D5
_DeltaX                                  bssCOMRAM    00004C
_DeltaY                                  bssCOMRAM    00004A
_Direccion_Memoria                       bssBANK0     0000FF
_Distancia                               bssBANK1     0001C0
_EEADR                                   (abs)        000FA9
_EECON1bits                              (abs)        000FA6
_EECON2                                  (abs)        000FA7
_EEDATA                                  (abs)        000FA8
_EEPROM_Rx                               text13       006DCC
_EEPROM_Tx                               text15       006AEC
_FERR                                    (abs)        007D5A
_Flag_Botones                            bssCOMRAM    000057
_GPIO_init_PORTA                         text64       006D66
_GPIO_init_PORTB                         text63       006D9C
_GPIO_init_PORTC                         text62       006E0C
_GPIO_init_PORTD                         text61       006D4A
_GPIO_init_PORTE                         text60       006DF8
_INT0_ACTION                             text77       006DE2
_INT1_ACTION                             text67       00683E
_INT2_ACTION                             text66       0067F6
_INTCON2bits                             (abs)        000FF1
_INTCON3bits                             (abs)        000FF0
_INTCONbits                              (abs)        000FF2
_INT_isr                                 intcode      000008
_Int_Ext                                 text59       006C80
_LATA                                    (abs)        000F89
_LATB                                    (abs)        000F8A
_LATBbits                                (abs)        000F8A
_LATC                                    (abs)        000F8B
_LATCbits                                (abs)        000F8B
_LATD                                    (abs)        000F8C
_LATDbits                                (abs)        000F8C
_LATE                                    (abs)        000F8D
_Lectura                                 bssCOMRAM    000044
_LecturaFiltro                           bssBANK1     0001CD
_Longitud_Coordenada                     dataCOMRAM   00005D
_Motor_Calcular_PasosX                   text33       006306
_Motor_Calcular_PasosY                   text32       006282
_Motor_Conversion                        text30       006400
_Motor_Home                              text2        006E20
_Motor_Movimiento                        text24       0061EE
_Motor_MovimientoZ                       text23       006622
_Motor_Movimiento_Home                   text68       006886
_OERR                                    (abs)        007D59
_OSCCON                                  (abs)        000FD3
_PIR1bits                                (abs)        000F9E
_PIR2bits                                (abs)        000FA1
_PORTA                                   (abs)        000F80
_PORTAbits                               (abs)        000F80
_PORTB                                   (abs)        000F81
_PORTC                                   (abs)        000F82
_PORTCbits                               (abs)        000F82
_PORTD                                   (abs)        000F83
_PORTDbits                               (abs)        000F83
_PORTE                                   (abs)        000F84
_PR2                                     (abs)        000FCB
_PWM_GeneratePulsos                      text25       0051DC
_PWM_InitF                               text29       006CEA
_PWM_InitS                               text28       006CCA
_PWM_OneshotX                            text27       006B52
_PWM_OneshotY                            text26       006B20
_PasosX                                  bssCOMRAM    000050
_PasosY                                  bssCOMRAM    00004E
_RCIF                                    (abs)        007CF5
_RCONbits                                (abs)        000FD0
_RCREG                                   (abs)        000FAE
_RCSTAbits                               (abs)        000FAB
_SPBRG                                   (abs)        000FAF
_Seria_Decodificacion_Memoria            text22       00483A
_Serial_DecodificacionX                  text17       005F04
_Serial_DecodificacionY                  text16       005E22
_Serial_Escritura_Memoria                text14       00548A
_Serial_Lectura_MemoriaX                 text11       0057FC
_Serial_Lectura_MemoriaY                 text10       0056EA
_Serial_Lectura_MemoriaZ                 text8        0055CC
_Serial_Oupcode                          text4        002A7A
_Serial_RangosControl                    text9        006916
_Serial_RangosCoordenadas                text12       006AB8
_Suma                                    bssCOMRAM    000040
_T2CON                                   (abs)        000FCA
_T2CONbits                               (abs)        000FCA
_TRISAbits                               (abs)        000F92
_TRISBbits                               (abs)        000F93
_TRISCbits                               (abs)        000F94
_TRISD                                   (abs)        000F95
_TRISDbits                               (abs)        000F95
_TRISEbits                               (abs)        000F96
_TXEN                                    (abs)        007D65
_TXREG                                   (abs)        000FAD
_TXSTAbits                               (abs)        000FAC
_UCFGbits                                (abs)        000F6F
_UCONbits                                (abs)        000F6D
_USART_Init                              text3        00638A
_USART_Init$3038                         cstackBANK0  000072
_USART_Overflow                          text7        0065CA
_USART_RxC                               text6        006DB6
_USART_RxS                               text5        00613E
_USART_TxS                               text58       006474
_Usart_Interface_OFF                     text57       00671A
_Usart_Interface_ON                      text56       0066CE
__CFG_BOR$ON                             (abs)        000000
__CFG_BORV$3                             (abs)        000000
__CFG_CCP2MX$ON                          (abs)        000000
__CFG_CP0$OFF                            (abs)        000000
__CFG_CP1$OFF                            (abs)        000000
__CFG_CP2$OFF                            (abs)        000000
__CFG_CP3$OFF                            (abs)        000000
__CFG_CPB$OFF                            (abs)        000000
__CFG_CPD$OFF                            (abs)        000000
__CFG_CPUDIV$OSC1_PLL2                   (abs)        000000
__CFG_EBTR0$OFF                          (abs)        000000
__CFG_EBTR1$OFF                          (abs)        000000
__CFG_EBTR2$OFF                          (abs)        000000
__CFG_EBTR3$OFF                          (abs)        000000
__CFG_EBTRB$OFF                          (abs)        000000
__CFG_FCMEN$OFF                          (abs)        000000
__CFG_FOSC$INTOSCIO_EC                   (abs)        000000
__CFG_ICPRT$OFF                          (abs)        000000
__CFG_IESO$OFF                           (abs)        000000
__CFG_LPT1OSC$OFF                        (abs)        000000
__CFG_LVP$OFF                            (abs)        000000
__CFG_MCLRE$ON                           (abs)        000000
__CFG_PBADEN$OFF                         (abs)        000000
__CFG_PLLDIV$1                           (abs)        000000
__CFG_PWRT$OFF                           (abs)        000000
__CFG_STVREN$ON                          (abs)        000000
__CFG_USBDIV$1                           (abs)        000000
__CFG_VREGEN$OFF                         (abs)        000000
__CFG_WDT$OFF                            (abs)        000000
__CFG_WDTPS$32768                        (abs)        000000
__CFG_WRT0$OFF                           (abs)        000000
__CFG_WRT1$OFF                           (abs)        000000
__CFG_WRT2$OFF                           (abs)        000000
__CFG_WRT3$OFF                           (abs)        000000
__CFG_WRTB$OFF                           (abs)        000000
__CFG_WRTC$OFF                           (abs)        000000
__CFG_WRTD$OFF                           (abs)        000000
__CFG_XINST$OFF                          (abs)        000000
__HRAM                                   (abs)        000000
__Habs1                                  abs1         000000
__Hbank0                                 bank0        000000
__Hbank1                                 bank1        000000
__Hbank2                                 bank2        000000
__Hbank3                                 bank3        000000
__Hbank4                                 bank4        000000
__Hbank5                                 bank5        000000
__Hbank6                                 bank6        000000
__Hbank7                                 bank7        000000
__Hbigbss                                bigbss       000000
__Hbigdata                               bigdata      000000
__Hbigram                                bigram       000000
__Hbss                                   bss          000000
__HbssBANK0                              bssBANK0     000000
__HbssBANK1                              bssBANK1     000000
__HbssCOMRAM                             bssCOMRAM    000000
__Hcinit                                 cinit        000000
__Hclrtext                               clrtext      000000
__Hcomram                                comram       000000
__Hconfig                                config       30000E
__Hconst                                 const        000000
__HcstackBANK0                           cstackBANK0  000000
__HcstackBANK1                           cstackBANK1  000000
__HcstackCOMRAM                          cstackCOMRAM 000000
__Hdata                                  data         000000
__HdataCOMRAM                            dataCOMRAM   000000
__Heeprom_data                           eeprom_data  000000
__Hfarbss                                farbss       000000
__Hfardata                               fardata      000000
__Hibigdata                              ibigdata     000000
__Hidata                                 idata        000000
__HidataCOMRAM                           idataCOMRAM  000000
__Hidloc                                 idloc        200008
__Hifardata                              ifardata     000000
__Hinit                                  init         000012
__Hintcode                               intcode      00000E
__Hintcode_body                          intcode_body 000000
__Hintcodelo                             intcodelo    00000E
__Hintentry                              intentry     000000
__Hintret                                intret       000000
__Hintsave_regs                          intsave_regs 000000
__Hirdata                                irdata       000000
__Hmediumconst                           mediumconst  008000
__HnvFARRAM                              nvFARRAM     000000
__Hnvbit                                 nvbit        000000
__Hnvrram                                nvrram       000000
__Hparam                                 rparam       000000
__Hpowerup                               powerup      00000E
__Hram                                   ram          000000
__Hramtop                                ramtop       000800
__Hrbit                                  rbit         000000
__Hrbss                                  rbss         000000
__Hrdata                                 rdata        000000
__Hreset_vec                             reset_vec    000004
__Hrparam                                rparam       000000
__Hsfr                                   sfr          000000
__Hsmallconst                            smallconst   000000
__Hspace_0                               (abs)        30000E
__Hspace_1                               (abs)        0001F0
__Hspace_2                               (abs)        000000
__Hstack                                 stack        000000
__Hstruct                                struct       000000
__Htemp                                  temp         00005F
__Htext                                  text         000000
__Htext0                                 text0        000000
__Htext1                                 text1        000000
__Htext10                                text10       000000
__Htext11                                text11       000000
__Htext12                                text12       000000
__Htext13                                text13       000000
__Htext14                                text14       000000
__Htext15                                text15       000000
__Htext16                                text16       000000
__Htext17                                text17       000000
__Htext18                                text18       000000
__Htext19                                text19       000000
__Htext2                                 text2        000000
__Htext20                                text20       000000
__Htext21                                text21       000000
__Htext22                                text22       000000
__Htext23                                text23       000000
__Htext24                                text24       000000
__Htext25                                text25       000000
__Htext26                                text26       000000
__Htext27                                text27       000000
__Htext28                                text28       000000
__Htext29                                text29       000000
__Htext3                                 text3        000000
__Htext30                                text30       000000
__Htext31                                text31       000000
__Htext32                                text32       000000
__Htext33                                text33       000000
__Htext34                                text34       000000
__Htext35                                text35       000000
__Htext36                                text36       000000
__Htext37                                text37       000000
__Htext38                                text38       000000
__Htext39                                text39       000000
__Htext4                                 text4        000000
__Htext40                                text40       000000
__Htext41                                text41       000000
__Htext42                                text42       000000
__Htext43                                text43       000000
__Htext44                                text44       000000
__Htext45                                text45       000000
__Htext46                                text46       000000
__Htext47                                text47       000000
__Htext48                                text48       000000
__Htext49                                text49       000000
__Htext5                                 text5        000000
__Htext50                                text50       000000
__Htext51                                text51       000000
__Htext52                                text52       000000
__Htext53                                text53       000000
__Htext54                                text54       000000
__Htext55                                text55       000000
__Htext56                                text56       000000
__Htext57                                text57       000000
__Htext58                                text58       000000
__Htext59                                text59       000000
__Htext6                                 text6        000000
__Htext60                                text60       000000
__Htext61                                text61       000000
__Htext62                                text62       000000
__Htext63                                text63       000000
__Htext64                                text64       000000
__Htext66                                text66       000000
__Htext67                                text67       000000
__Htext68                                text68       000000
__Htext69                                text69       000000
__Htext7                                 text7        000000
__Htext70                                text70       000000
__Htext71                                text71       000000
__Htext72                                text72       000000
__Htext73                                text73       000000
__Htext74                                text74       000000
__Htext75                                text75       000000
__Htext76                                text76       000000
__Htext77                                text77       000000
__Htext78                                text78       000000
__Htext79                                text79       000000
__Htext8                                 text8        000000
__Htext80                                text80       000000
__Htext9                                 text9        000000
__LRAM                                   (abs)        000001
__Labs1                                  abs1         000000
__Lbank0                                 bank0        000000
__Lbank1                                 bank1        000000
__Lbank2                                 bank2        000000
__Lbank3                                 bank3        000000
__Lbank4                                 bank4        000000
__Lbank5                                 bank5        000000
__Lbank6                                 bank6        000000
__Lbank7                                 bank7        000000
__Lbigbss                                bigbss       000000
__Lbigdata                               bigdata      000000
__Lbigram                                bigram       000000
__Lbss                                   bss          000000
__LbssBANK0                              bssBANK0     000000
__LbssBANK1                              bssBANK1     000000
__LbssCOMRAM                             bssCOMRAM    000000
__Lcinit                                 cinit        000000
__Lclrtext                               clrtext      000000
__Lcomram                                comram       000000
__Lconfig                                config       300000
__Lconst                                 const        000000
__LcstackBANK0                           cstackBANK0  000000
__LcstackBANK1                           cstackBANK1  000000
__LcstackCOMRAM                          cstackCOMRAM 000000
__Ldata                                  data         000000
__LdataCOMRAM                            dataCOMRAM   000000
__Leeprom_data                           eeprom_data  000000
__Lfarbss                                farbss       000000
__Lfardata                               fardata      000000
__Libigdata                              ibigdata     000000
__Lidata                                 idata        000000
__LidataCOMRAM                           idataCOMRAM  000000
__Lidloc                                 idloc        200000
__Lifardata                              ifardata     000000
__Linit                                  init         00000E
__Lintcode                               intcode      000008
__Lintcode_body                          intcode_body 000000
__Lintcodelo                             intcodelo    00000E
__Lintentry                              intentry     000000
__Lintret                                intret       000000
__Lintsave_regs                          intsave_regs 000000
__Lirdata                                irdata       000000
__Lmediumconst                           mediumconst  007F00
__LnvFARRAM                              nvFARRAM     000000
__Lnvbit                                 nvbit        000000
__Lnvrram                                nvrram       000000
__Lparam                                 rparam       000000
__Lpowerup                               powerup      00000E
__Lram                                   ram          000000
__Lramtop                                ramtop       000800
__Lrbit                                  rbit         000000
__Lrbss                                  rbss         000000
__Lrdata                                 rdata        000000
__Lreset_vec                             reset_vec    000000
__Lrparam                                rparam       000000
__Lsfr                                   sfr          000000
__Lsmallconst                            smallconst   000000
__Lspace_0                               (abs)        000000
__Lspace_1                               (abs)        000000
__Lspace_2                               (abs)        000000
__Lstack                                 stack        000000
__Lstruct                                struct       000000
__Ltemp                                  temp         00005E
__Ltext                                  text         000000
__Ltext0                                 text0        000000
__Ltext1                                 text1        000000
__Ltext10                                text10       000000
__Ltext11                                text11       000000
__Ltext12                                text12       000000
__Ltext13                                text13       000000
__Ltext14                                text14       000000
__Ltext15                                text15       000000
__Ltext16                                text16       000000
__Ltext17                                text17       000000
__Ltext18                                text18       000000
__Ltext19                                text19       000000
__Ltext2                                 text2        000000
__Ltext20                                text20       000000
__Ltext21                                text21       000000
__Ltext22                                text22       000000
__Ltext23                                text23       000000
__Ltext24                                text24       000000
__Ltext25                                text25       000000
__Ltext26                                text26       000000
__Ltext27                                text27       000000
__Ltext28                                text28       000000
__Ltext29                                text29       000000
__Ltext3                                 text3        000000
__Ltext30                                text30       000000
__Ltext31                                text31       000000
__Ltext32                                text32       000000
__Ltext33                                text33       000000
__Ltext34                                text34       000000
__Ltext35                                text35       000000
__Ltext36                                text36       000000
__Ltext37                                text37       000000
__Ltext38                                text38       000000
__Ltext39                                text39       000000
__Ltext4                                 text4        000000
__Ltext40                                text40       000000
__Ltext41                                text41       000000
__Ltext42                                text42       000000
__Ltext43                                text43       000000
__Ltext44                                text44       000000
__Ltext45                                text45       000000
__Ltext46                                text46       000000
__Ltext47                                text47       000000
__Ltext48                                text48       000000
__Ltext49                                text49       000000
__Ltext5                                 text5        000000
__Ltext50                                text50       000000
__Ltext51                                text51       000000
__Ltext52                                text52       000000
__Ltext53                                text53       000000
__Ltext54                                text54       000000
__Ltext55                                text55       000000
__Ltext56                                text56       000000
__Ltext57                                text57       000000
__Ltext58                                text58       000000
__Ltext59                                text59       000000
__Ltext6                                 text6        000000
__Ltext60                                text60       000000
__Ltext61                                text61       000000
__Ltext62                                text62       000000
__Ltext63                                text63       000000
__Ltext64                                text64       000000
__Ltext66                                text66       000000
__Ltext67                                text67       000000
__Ltext68                                text68       000000
__Ltext69                                text69       000000
__Ltext7                                 text7        000000
__Ltext70                                text70       000000
__Ltext71                                text71       000000
__Ltext72                                text72       000000
__Ltext73                                text73       000000
__Ltext74                                text74       000000
__Ltext75                                text75       000000
__Ltext76                                text76       000000
__Ltext77                                text77       000000
__Ltext78                                text78       000000
__Ltext79                                text79       000000
__Ltext8                                 text8        000000
__Ltext80                                text80       000000
__Ltext9                                 text9        000000
__S0                                     (abs)        30000E
__S1                                     (abs)        0001F0
__S2                                     (abs)        000000
___aldiv                                 text36       00590C
___aldiv@counter                         cstackBANK0  000068
___aldiv@dividend                        cstackBANK0  000060
___aldiv@divisor                         cstackBANK0  000064
___aldiv@quotient                        cstackBANK0  00006A
___aldiv@sign                            cstackBANK0  000069
___fladd                                 text49       0030C8
___fladd@a                               cstackBANK0  00008B
___fladd@aexp                            cstackBANK0  000094
___fladd@b                               cstackBANK0  000087
___fladd@bexp                            cstackBANK0  000095
___fladd@grs                             cstackBANK0  000096
___fladd@signs                           cstackBANK0  000093
___fldiv                                 text51       003E76
___fldiv@a                               cstackBANK0  0000A3
___fldiv@aexp                            cstackBANK0  0000B7
___fldiv@b                               cstackBANK0  00009F
___fldiv@bexp                            cstackBANK0  0000B6
___fldiv@grs                             cstackBANK0  0000B2
___fldiv@new_exp                         cstackBANK0  0000B0
___fldiv@rem                             cstackBANK0  0000AB
___fldiv@sign                            cstackBANK0  0000AF
___flge                                  text43       005B22
___flge@ff1                              cstackBANK0  00009F
___flge@ff2                              cstackBANK0  0000A3
___flmul                                 text45       003A4A
___flmul@a                               cstackBANK0  000072
___flmul@aexp                            cstackBANK0  00007F
___flmul@b                               cstackBANK0  00006E
___flmul@bexp                            cstackBANK0  000080
___flmul@grs                             cstackBANK0  00007B
___flmul@prod                            cstackBANK0  000081
___flmul@sign                            cstackBANK0  00007A
___flmul@temp                            cstackBANK0  000085
___flneg                                 text50       006A10
___flneg@f1                              cstackBANK0  000060
___flsub                                 text48       0067AE
___flsub@a                               cstackBANK0  00009B
___flsub@b                               cstackBANK0  000097
___fltol                                 text31       005A1A
___fltol@exp1                            cstackBANK0  0000C1
___fltol@f1                              cstackBANK0  0000B8
___fltol@sign1                           cstackBANK0  0000C0
___inthi_sp                              stack        000000
___intlo_sp                              stack        000000
___param_bank                            (abs)        000000
___rparam_used                           (abs)        000001
___sp                                    stack        000000
___wmul                                  text21       006BE4
___wmul@multiplicand                     cstackBANK0  000062
___wmul@multiplier                       cstackBANK0  000060
___wmul@product                          cstackBANK0  000064
___xxtofl                                text47       004CE2
___xxtofl@arg                            cstackBANK0  00006A
___xxtofl@exp                            cstackBANK0  000069
___xxtofl@sign                           cstackBANK0  000068
___xxtofl@val                            cstackBANK0  000060
__accesstop                              (abs)        000060
__activetblptr                           (abs)        000002
__end_of_ADC_Init                        text52       006C34
__end_of_ADC_Lectura                     text38       006D9C
__end_of_Actuator_Hold                   text55       006C80
__end_of_Actuator_Retract                text54       006C5A
__end_of_Actuator_Touch                  text53       00699A
__end_of_Control_ConvertirDistancia      text39       005E22
__end_of_Control_InsertBits              text37       006A82
__end_of_Control_LecturaFiltro           text35       00613E
__end_of_Control_Z                       text34       00483A
__end_of_EEPROM_Rx                       text13       006DE2
__end_of_EEPROM_Tx                       text15       006B20
__end_of_GPIO_init_PORTA                 text64       006D82
__end_of_GPIO_init_PORTB                 text63       006DB6
__end_of_GPIO_init_PORTC                 text62       006E20
__end_of_GPIO_init_PORTD                 text61       006D66
__end_of_GPIO_init_PORTE                 text60       006E0C
__end_of_INT0_ACTION                     text77       006DF8
__end_of_INT1_ACTION                     text67       006886
__end_of_INT2_ACTION                     text66       00683E
__end_of_INT_isr                         intcode_body 006558
__end_of_Int_Ext                         text59       006CA6
__end_of_L1                              mediumconst  007F5D
__end_of_L2                              mediumconst  007F59
__end_of_L3                              mediumconst  007F55
__end_of_L4                              mediumconst  007F51
__end_of_L5                              mediumconst  007F4D
__end_of_L6                              mediumconst  007F49
__end_of_Motor_Calcular_PasosX           text33       00638A
__end_of_Motor_Calcular_PasosY           text32       006306
__end_of_Motor_Conversion                text30       006474
__end_of_Motor_Home                      text2        006E2C
__end_of_Motor_Movimiento                text24       006282
__end_of_Motor_MovimientoZ               text23       00667A
__end_of_Motor_Movimiento_Home           text68       0068CE
__end_of_P1                              mediumconst  007F45
__end_of_P2                              mediumconst  007F41
__end_of_P3                              mediumconst  007F3D
__end_of_P4                              mediumconst  007F39
__end_of_P5                              mediumconst  007F35
__end_of_PWM_GeneratePulsos              text25       005338
__end_of_PWM_InitF                       text29       006D0A
__end_of_PWM_InitS                       text28       006CEA
__end_of_PWM_OneshotX                    text27       006B84
__end_of_PWM_OneshotY                    text26       006B52
__end_of_Seria_Decodificacion_Memoria    text22       004AA4
__end_of_Serial_DecodificacionX          text17       005FDA
__end_of_Serial_DecodificacionY          text16       005F04
__end_of_Serial_Escritura_Memoria        text14       0055CC
__end_of_Serial_Lectura_MemoriaX         text11       00590C
__end_of_Serial_Lectura_MemoriaY         text10       0057FC
__end_of_Serial_Lectura_MemoriaZ         text8        0056EA
__end_of_Serial_Oupcode                  text4        0030C8
__end_of_Serial_RangosControl            text9        006958
__end_of_Serial_RangosCoordenadas        text12       006AEC
__end_of_USART_Init                      text3        006400
__end_of_USART_Overflow                  text7        006622
__end_of_USART_RxC                       text6        006DCC
__end_of_USART_RxS                       text5        0061EE
__end_of_USART_TxS                       text58       0064E6
__end_of_Usart_Interface_OFF             text57       006766
__end_of_Usart_Interface_ON              text56       00671A
__end_of___aldiv                         text36       005A1A
__end_of___fladd                         text49       00358A
__end_of___fldiv                         text51       004212
__end_of___flge                          text43       005C28
__end_of___flmul                         text45       003E76
__end_of___flneg                         text50       006A4A
__end_of___flsub                         text48       0067F6
__end_of___fltol                         text31       005B22
__end_of___wmul                          text21       006C0C
__end_of___xxtofl                        text47       004E9A
__end_of__initialization                 cinit        0069C8
__end_of_atoi                            text18       0051DC
__end_of_bp                              mediumconst  007F71
__end_of_cp                              mediumconst  007F21
__end_of_cp_h                            mediumconst  007F7D
__end_of_cp_l                            mediumconst  007F79
__end_of_dp_h                            mediumconst  007F11
__end_of_dp_l                            mediumconst  007F09
__end_of_fabsf                           text46       006AB8
__end_of_huge                            mediumconst  007F65
__end_of_isdigit                         text20       006A10
__end_of_isspace                         text19       0066CE
__end_of_ivln2                           mediumconst  007F1D
__end_of_ivln2_h                         mediumconst  007F75
__end_of_ivln2_l                         mediumconst  007F19
__end_of_lg2                             mediumconst  007F31
__end_of_lg2_h                           mediumconst  007F2D
__end_of_lg2_l                           mediumconst  007F29
__end_of_main                            text0        00608C
__end_of_main_Home                       text1        0067AE
__end_of_nanf                            text42       006CCA
__end_of_ovt                             mediumconst  007F25
__end_of_powf                            text40       002A7A
__end_of_scalbnf                         text44       004CE2
__end_of_sqrtf                           text41       003A4A
__end_of_tiny                            mediumconst  007F61
__end_of_two24                           mediumconst  007F69
__end_ofi2_Motor_Conversion              text73       0065CA
__end_ofi2_Motor_Home                    text79       006E38
__end_ofi2_PWM_GeneratePulsos            text69       00548A
__end_ofi2_PWM_InitF                     text72       006D2A
__end_ofi2_PWM_InitS                     text80       006D4A
__end_ofi2_PWM_OneshotX                  text71       006BE4
__end_ofi2_PWM_OneshotY                  text70       006BB4
__end_ofi2___fldiv                       text76       0045AC
__end_ofi2___fltol                       text75       005D2E
__end_ofi2___xxtofl                      text74       00504E
__end_ofi2_main_Home                     text78       006916
__end_ofsqrtf@tiny                       mediumconst  007F15
__initialization                         cinit        00699A
__mediumconst                            mediumconst  007F00
__pbssBANK0                              bssBANK0     0000FF
__pbssBANK1                              bssBANK1     0001BC
__pbssCOMRAM                             bssCOMRAM    000040
__pcinit                                 cinit        00699A
__pcstackBANK0                           cstackBANK0  000060
__pcstackBANK1                           cstackBANK1  000100
__pcstackCOMRAM                          cstackCOMRAM 000001
__pdataCOMRAM                            dataCOMRAM   00005D
__pidataCOMRAM                           idataCOMRAM  006E38
__pintcode                               intcode      000008
__pintcode_body                          intcode_body 0064E6
__pmediumconst                           mediumconst  007F00
__ptext0                                 text0        005FDA
__ptext1                                 text1        006766
__ptext10                                text10       0056EA
__ptext11                                text11       0057FC
__ptext12                                text12       006AB8
__ptext13                                text13       006DCC
__ptext14                                text14       00548A
__ptext15                                text15       006AEC
__ptext16                                text16       005E22
__ptext17                                text17       005F04
__ptext18                                text18       00504E
__ptext19                                text19       00667A
__ptext2                                 text2        006E20
__ptext20                                text20       0069D6
__ptext21                                text21       006BE4
__ptext22                                text22       00483A
__ptext23                                text23       006622
__ptext24                                text24       0061EE
__ptext25                                text25       0051DC
__ptext26                                text26       006B20
__ptext27                                text27       006B52
__ptext28                                text28       006CCA
__ptext29                                text29       006CEA
__ptext3                                 text3        00638A
__ptext30                                text30       006400
__ptext31                                text31       005A1A
__ptext32                                text32       006282
__ptext33                                text33       006306
__ptext34                                text34       0045AC
__ptext35                                text35       00608C
__ptext36                                text36       00590C
__ptext37                                text37       006A4A
__ptext38                                text38       006D82
__ptext39                                text39       005D2E
__ptext4                                 text4        002A7A
__ptext40                                text40       000012
__ptext41                                text41       00358A
__ptext42                                text42       006CA6
__ptext43                                text43       005B22
__ptext44                                text44       004AA4
__ptext45                                text45       003A4A
__ptext46                                text46       006A82
__ptext47                                text47       004CE2
__ptext48                                text48       0067AE
__ptext49                                text49       0030C8
__ptext5                                 text5        00613E
__ptext50                                text50       006A10
__ptext51                                text51       003E76
__ptext52                                text52       006C0C
__ptext53                                text53       006958
__ptext54                                text54       006C34
__ptext55                                text55       006C5A
__ptext56                                text56       0066CE
__ptext57                                text57       00671A
__ptext58                                text58       006474
__ptext59                                text59       006C80
__ptext6                                 text6        006DB6
__ptext60                                text60       006DF8
__ptext61                                text61       006D4A
__ptext62                                text62       006E0C
__ptext63                                text63       006D9C
__ptext64                                text64       006D66
__ptext66                                text66       0067F6
__ptext67                                text67       00683E
__ptext68                                text68       006886
__ptext69                                text69       005338
__ptext7                                 text7        0065CA
__ptext70                                text70       006B84
__ptext71                                text71       006BB4
__ptext72                                text72       006D0A
__ptext73                                text73       006558
__ptext74                                text74       004E9A
__ptext75                                text75       005C28
__ptext76                                text76       004212
__ptext77                                text77       006DE2
__ptext78                                text78       0068CE
__ptext79                                text79       006E2C
__ptext8                                 text8        0055CC
__ptext80                                text80       006D2A
__ptext9                                 text9        006916
__ramtop                                 ramtop       000800
__size_of_ADC_Init                       (abs)        000000
__size_of_ADC_Lectura                    (abs)        000000
__size_of_Actuator_Hold                  (abs)        000000
__size_of_Actuator_Retract               (abs)        000000
__size_of_Actuator_Touch                 (abs)        000000
__size_of_Control_ConvertirDistancia     (abs)        000000
__size_of_Control_InsertBits             (abs)        000000
__size_of_Control_LecturaFiltro          (abs)        000000
__size_of_Control_Z                      (abs)        000000
__size_of_EEPROM_Rx                      (abs)        000000
__size_of_EEPROM_Tx                      (abs)        000000
__size_of_GPIO_init_PORTA                (abs)        000000
__size_of_GPIO_init_PORTB                (abs)        000000
__size_of_GPIO_init_PORTC                (abs)        000000
__size_of_GPIO_init_PORTD                (abs)        000000
__size_of_GPIO_init_PORTE                (abs)        000000
__size_of_INT0_ACTION                    (abs)        000000
__size_of_INT1_ACTION                    (abs)        000000
__size_of_INT2_ACTION                    (abs)        000000
__size_of_INT_isr                        (abs)        000000
__size_of_Int_Ext                        (abs)        000000
__size_of_Motor_Calcular_PasosX          (abs)        000000
__size_of_Motor_Calcular_PasosY          (abs)        000000
__size_of_Motor_Conversion               (abs)        000000
__size_of_Motor_Home                     (abs)        000000
__size_of_Motor_Movimiento               (abs)        000000
__size_of_Motor_MovimientoZ              (abs)        000000
__size_of_Motor_Movimiento_Home          (abs)        000000
__size_of_PWM_GeneratePulsos             (abs)        000000
__size_of_PWM_InitF                      (abs)        000000
__size_of_PWM_InitS                      (abs)        000000
__size_of_PWM_OneshotX                   (abs)        000000
__size_of_PWM_OneshotY                   (abs)        000000
__size_of_Seria_Decodificacion_Memoria   (abs)        000000
__size_of_Serial_DecodificacionX         (abs)        000000
__size_of_Serial_DecodificacionY         (abs)        000000
__size_of_Serial_Escritura_Memoria       (abs)        000000
__size_of_Serial_Lectura_MemoriaX        (abs)        000000
__size_of_Serial_Lectura_MemoriaY        (abs)        000000
__size_of_Serial_Lectura_MemoriaZ        (abs)        000000
__size_of_Serial_Oupcode                 (abs)        000000
__size_of_Serial_RangosControl           (abs)        000000
__size_of_Serial_RangosCoordenadas       (abs)        000000
__size_of_USART_Init                     (abs)        000000
__size_of_USART_Overflow                 (abs)        000000
__size_of_USART_RxC                      (abs)        000000
__size_of_USART_RxS                      (abs)        000000
__size_of_USART_TxS                      (abs)        000000
__size_of_Usart_Interface_OFF            (abs)        000000
__size_of_Usart_Interface_ON             (abs)        000000
__size_of___aldiv                        (abs)        000000
__size_of___fladd                        (abs)        000000
__size_of___fldiv                        (abs)        000000
__size_of___flge                         (abs)        000000
__size_of___flmul                        (abs)        000000
__size_of___flneg                        (abs)        000000
__size_of___flsub                        (abs)        000000
__size_of___fltol                        (abs)        000000
__size_of___wmul                         (abs)        000000
__size_of___xxtofl                       (abs)        000000
__size_of_atoi                           (abs)        000000
__size_of_fabsf                          (abs)        000000
__size_of_isdigit                        (abs)        000000
__size_of_isspace                        (abs)        000000
__size_of_main                           (abs)        000000
__size_of_main_Home                      (abs)        000000
__size_of_nanf                           (abs)        000000
__size_of_powf                           (abs)        000000
__size_of_scalbnf                        (abs)        000000
__size_of_sqrtf                          (abs)        000000
__size_ofi2_Motor_Conversion             (abs)        000000
__size_ofi2_Motor_Home                   (abs)        000000
__size_ofi2_PWM_GeneratePulsos           (abs)        000000
__size_ofi2_PWM_InitF                    (abs)        000000
__size_ofi2_PWM_InitS                    (abs)        000000
__size_ofi2_PWM_OneshotX                 (abs)        000000
__size_ofi2_PWM_OneshotY                 (abs)        000000
__size_ofi2___fldiv                      (abs)        000000
__size_ofi2___fltol                      (abs)        000000
__size_ofi2___xxtofl                     (abs)        000000
__size_ofi2_main_Home                    (abs)        000000
__smallconst                             smallconst   000000
_atoi                                    text18       00504E
_atoi$2660                               cstackBANK0  00006F
_atoi$2661                               cstackBANK0  000073
_atoi$2662                               cstackBANK0  000071
_bites_masS                              bssCOMRAM    000059
_bites_menosS                            bssCOMRAM    00005A
_bp                                      mediumconst  007F69
_controlZ                                bssBANK1     0001D3
_coordenada_anteriorX                    bssCOMRAM    000048
_coordenada_anteriorY                    bssCOMRAM    000046
_coordenada_array                        bssBANK1     0001E3
_coordenada_setpoint                     bssBANK1     0001D8
_data                                    bssCOMRAM    000058
_dp_h                                    mediumconst  007F09
_dp_l                                    mediumconst  007F01
_errno                                   bssBANK1     0001CB
_error                                   bssBANK1     0001C4
_fabsf                                   text46       006A82
_home                                    bssCOMRAM    000056
_isdigit                                 text20       0069D6
_isspace                                 text19       00667A
_isspace$2689                            cstackBANK0  000066
_main                                    text0        005FDA
_main_Home                               text1        006766
_nanf                                    text42       006CA6
_oneshotX                                bssCOMRAM    00005C
_oneshotY                                bssCOMRAM    00005B
_pasos_convertidos                       bssCOMRAM    000052
_powf                                    text40       000012
_powf$3041                               cstackBANK1  0001A4
_powf$3042                               cstackBANK1  000154
_powf$3043                               cstackBANK1  000148
_powf$3044                               cstackBANK1  000194
_powf$3045                               cstackBANK1  000138
_powf$3046                               cstackBANK1  000100
_powf$3047                               cstackBANK1  000104
_powf$3048                               cstackBANK1  000158
_powf$3049                               cstackBANK1  00013C
_powf$3050                               cstackBANK1  000140
[...]
 Registers used:
		wreg, status,2, status,0
 Tracked objects:
		On entry : 
		On exit  : 
		Unchanged: 
 Data sizes:     COMRAM   BANK0   BANK1   BANK2   BANK3   BANK4   BANK5   BANK6   BANK7
      Params:         2       0       0       0       0       0       0       0       0
      Locals:         0       0       0       0       0       0       0       0       0
      Temps:          0       0       0       0       0       0       0       0       0
      Totals:         2       0       0       0       0       0       0       0       0
Total ram usage:        2 bytes
 Hardware stack levels used:    1
 This function calls:
		Nothing
 This function is called by:
		i2_PWM_GeneratePulsos
 This function uses a non-reentrant model


 *************** function i2_PWM_InitF *****************
 Defined at:
		line 77 in file "PWM.c"
 Parameters:    Size  Location     Type
		None
 Auto vars:     Size  Location     Type
		None
 Return value:  Size  Location     Type
                  1    wreg      void 
 Registers used:
		wreg, status,2
 Tracked objects:
		On entry : 
		On exit  : 
		Unchanged: 
 Data sizes:     COMRAM   BANK0   BANK1   BANK2   BANK3   BANK4   BANK5   BANK6   BANK7
      Params:         0       0       0       0       0       0       0       0       0
      Locals:         0       0       0       0       0       0       0       0       0
      Temps:          0       0       0       0       0       0       0       0       0
      Totals:         0       0       0       0       0       0       0       0       0
Total ram usage:        0 bytes
 Hardware stack levels used:    1
 This function calls:
		Nothing
 This function is called by:
		i2_PWM_GeneratePulsos
 This function uses a non-reentrant model


 *************** function i2_Motor_Conversion *****************
 Defined at:
		line 19 in file "Motor.c"
 Parameters:    Size  Location     Type
  Coordenada      2   49[COMRAM] int 
 Auto vars:     Size  Location     Type
  Motor_Conver    4   51[COMRAM] float 
 Return value:  Size  Location     Type
                  2   49[COMRAM] int 
 Registers used:
		wreg, status,2, status,0, cstack
 Tracked objects:
		On entry : 
		On exit  : 
		Unchanged: 
 Data sizes:     COMRAM   BANK0   BANK1   BANK2   BANK3   BANK4   BANK5   BANK6   BANK7
      Params:         2       0       0       0       0       0       0       0       0
      Locals:         4       0       0       0       0       0       0       0       0
      Temps:          0       0       0       0       0       0       0       0       0
      Totals:         6       0       0       0       0       0       0       0       0
Total ram usage:        6 bytes
 Hardware stack levels used:    1
 Hardware stack levels required when called:    1
 This function calls:
		i2___fldiv
		i2___fltol
		i2___xxtofl
 This function is called by:
		_Motor_Movimiento_Home
 This function uses a non-reentrant model


 *************** function i2___xxtofl *****************
 Defined at:
		line 10 in file "C:\Program Files (x86)\Microchip\xc8\v2.10\pic\sources\c99\common\xxtofl.c"
 Parameters:    Size  Location     Type
  sign            1    wreg     unsigned char 
  val             4    0[COMRAM] long 
 Auto vars:     Size  Location     Type
  sign            1    8[COMRAM] unsigned char 
  __xxtofl        4   10[COMRAM] unsigned long 
  __xxtofl        1    9[COMRAM] unsigned char 
 Return value:  Size  Location     Type
                  4    0[COMRAM] unsigned char 
 Registers used:
		wreg, status,2, status,0
 Tracked objects:
		On entry : 
		On exit  : 
		Unchanged: 
 Data sizes:     COMRAM   BANK0   BANK1   BANK2   BANK3   BANK4   BANK5   BANK6   BANK7
      Params:         4       0       0       0       0       0       0       0       0
      Locals:         6       0       0       0       0       0       0       0       0
      Temps:          4       0       0       0       0       0       0       0       0
      Totals:        14       0       0       0       0       0       0       0       0
Total ram usage:       14 bytes
 Hardware stack levels used:    1
 This function calls:
		Nothing
 This function is called by:
		i2_Motor_Conversion
 This function uses a non-reentrant model


 *************** function i2___fltol *****************
 Defined at:
		line 43 in file "C:\Program Files (x86)\Microchip\xc8\v2.10\pic\sources\c99\common\fltol.c"
 Parameters:    Size  Location     Type
  f1              4   39[COMRAM] unsigned char 
 Auto vars:     Size  Location     Type
  __fltol         1   48[COMRAM] unsigned char 
  __fltol         1   47[COMRAM] unsigned char 
 Return value:  Size  Location     Type
                  4   39[COMRAM] long 
 Registers used:
		wreg, status,2, status,0
 Tracked objects:
		On entry : 
		On exit  : 
		Unchanged: 
 Data sizes:     COMRAM   BANK0   BANK1   BANK2   BANK3   BANK4   BANK5   BANK6   BANK7
      Params:         4       0       0       0       0       0       0       0       0
      Locals:         2       0       0       0       0       0       0       0       0
      Temps:          4       0       0       0       0       0       0       0       0
      Totals:        10       0       0       0       0       0       0       0       0
Total ram usage:       10 bytes
 Hardware stack levels used:    1
 This function calls:
		Nothing
 This function is called by:
		i2_Motor_Conversion
 This function uses a non-reentrant model


 *************** function i2___fldiv *****************
 Defined at:
		line 11 in file "C:\Program Files (x86)\Microchip\xc8\v2.10\pic\sources\c99\common\sprcdiv.c"
 Parameters:    Size  Location     Type
  b               4   14[COMRAM] long 
  a               4   18[COMRAM] long 
 Auto vars:     Size  Location     Type
  __fldiv         4   33[COMRAM] unsigned long 
  __fldiv         4   26[COMRAM] unsigned long 
  __fldiv         2   31[COMRAM] short 
  __fldiv         1   38[COMRAM] unsigned char 
  __fldiv         1   37[COMRAM] unsigned char 
  __fldiv         1   30[COMRAM] unsigned char 
 Return value:  Size  Location     Type
                  4   14[COMRAM] unsigned char 
 Registers used:
		wreg, status,2, status,0
 Tracked objects:
		On entry : 
		On exit  : 
		Unchanged: 
 Data sizes:     COMRAM   BANK0   BANK1   BANK2   BANK3   BANK4   BANK5   BANK6   BANK7
      Params:         8       0       0       0       0       0       0       0       0
      Locals:        13       0       0       0       0       0       0       0       0
      Temps:          4       0       0       0       0       0       0       0       0
      Totals:        25       0       0       0       0       0       0       0       0
Total ram usage:       25 bytes
 Hardware stack levels used:    1
 This function calls:
		Nothing
 This function is called by:
		i2_Motor_Conversion
 This function uses a non-reentrant model


 *************** function _INT0_ACTION *****************
 Defined at:
		line 56 in file "Interrupt.c"
 Parameters:    Size  Location     Type
		None
 Auto vars:     Size  Location     Type
		None
 Return value:  Size  Location     Type
                  1    wreg      void 
 Registers used:
		wreg, status,2, cstack
 Tracked objects:
		On entry : 
		On exit  : 
		Unchanged: 
 Data sizes:     COMRAM   BANK0   BANK1   BANK2   BANK3   BANK4   BANK5   BANK6   BANK7
      Params:         0       0       0       0       0       0       0       0       0
      Locals:         0       0       0       0       0       0       0       0       0
      Temps:          0       0       0       0       0       0       0       0       0
      Totals:         0       0       0       0       0       0       0       0       0
Total ram usage:        0 bytes
 Hardware stack levels used:    1
 Hardware stack levels required when called:    3
 This function calls:
		i2_main_Home
 This function is called by:
		_INT_isr
 This function uses a non-reentrant model


 *************** function i2_main_Home *****************
 Defined at:
		line 48 in file "main.c"
 Parameters:    Size  Location     Type
		None
 Auto vars:     Size  Location     Type
		None
 Return value:  Size  Location     Type
                  1    wreg      void 
 Registers used:
		wreg, status,2, cstack
 Tracked objects:
		On entry : 
		On exit  : 
		Unchanged: 
 Data sizes:     COMRAM   BANK0   BANK1   BANK2   BANK3   BANK4   BANK5   BANK6   BANK7
      Params:         0       0       0       0       0       0       0       0       0
      Locals:         0       0       0       0       0       0       0       0       0
      Temps:          0       0       0       0       0       0       0       0       0
      Totals:         0       0       0       0       0       0       0       0       0
Total ram usage:        0 bytes
 Hardware stack levels used:    1
 Hardware stack levels required when called:    2
 This function calls:
		i2_Motor_Home
 This function is called by:
		_INT0_ACTION
 This function uses a non-reentrant model


 *************** function i2_Motor_Home *****************
 Defined at:
		line 89 in file "Motor.c"
 Parameters:    Size  Location     Type
		None
 Auto vars:     Size  Location     Type
		None
 Return value:  Size  Location     Type
                  1    wreg      void 
 Registers used:
		wreg, status,2, cstack
 Tracked objects:
		On entry : 
		On exit  : 
		Unchanged: 
 Data sizes:     COMRAM   BANK0   BANK1   BANK2   BANK3   BANK4   BANK5   BANK6   BANK7
      Params:         0       0       0       0       0       0       0       0       0
      Locals:         0       0       0       0       0       0       0       0       0
      Temps:          0       0       0       0       0       0       0       0       0
      Totals:         0       0       0       0       0       0       0       0       0
Total ram usage:        0 bytes
 Hardware stack levels used:    1
 Hardware stack levels required when called:    1
 This function calls:
		i2_PWM_InitS
 This function is called by:
		i2_main_Home
 This function uses a non-reentrant model


 *************** function i2_PWM_InitS *****************
 Defined at:
		line 91 in file "PWM.c"
 Parameters:    Size  Location     Type
		None
 Auto vars:     Size  Location     Type
		None
 Return value:  Size  Location     Type
                  1    wreg      void 
 Registers used:
		wreg, status,2
 Tracked objects:
		On entry : 
		On exit  : 
		Unchanged: 
 Data sizes:     COMRAM   BANK0   BANK1   BANK2   BANK3   BANK4   BANK5   BANK6   BANK7
      Params:         0       0       0       0       0       0       0       0       0
      Locals:         0       0       0       0       0       0       0       0       0
      Temps:          0       0       0       0       0       0       0       0       0
      Totals:         0       0       0       0       0       0       0       0       0
Total ram usage:        0 bytes
 Hardware stack levels used:    1
 This function calls:
		Nothing
 This function is called by:
		i2_PWM_GeneratePulsos
		i2_Motor_Home
 This function uses a non-reentrant model



MODULE INFORMATION

Module		Function		Class		Link	Load	Size
serial.c
		_Serial_DecodificacionY		CODE           	5E22	0000	227
		_Serial_RangosControl		CODE           	6916	0000	67
		_Serial_Lectura_MemoriaX		CODE           	57FC	0000	273
		_Seria_Decodificacion_Memoria		CODE           	483A	0000	619
		_Serial_Escritura_Memoria		CODE           	548A	0000	323
		_Serial_RangosCoordenadas		CODE           	6AB8	0000	53
		_Serial_Oupcode		CODE           	2A7A	0000	1615
		_Serial_Lectura_MemoriaZ		CODE           	55CC	0000	287
		_Serial_DecodificacionX		CODE           	5F04	0000	215
		_Serial_Lectura_MemoriaY		CODE           	56EA	0000	275

serial.c estimated size: 3954

C:\Program Files (x86)\Microchip\xc8\v2.10\pic\sources\c99\common\atoi.c
		_atoi          		CODE           	504E	0000	399

C:\Program Files (x86)\Microchip\xc8\v2.10\pic\sources\c99\common\atoi.c estimated size: 399

UART.c
		_USART_RxC     		CODE           	6DB6	0000	23
		_USART_RxS     		CODE           	613E	0000	177
		_USART_Overflow		CODE           	65CA	0000	89
		_USART_TxS     		CODE           	6474	0000	115
		_USART_Init    		CODE           	638A	0000	119

UART.c estimated size: 523

C:\Program Files (x86)\Microchip\xc8\v2.10\pic\sources\c99\common\xxtofl.c
		___xxtofl      		CODE           	4CE2	0000	441

C:\Program Files (x86)\Microchip\xc8\v2.10\pic\sources\c99\common\xxtofl.c estimated size: 441

C:\Program Files (x86)\Microchip\xc8\v2.10\pic\sources\c99\common\sqrtf.c
		_sqrtf         		CODE           	358A	0000	1217

C:\Program Files (x86)\Microchip\xc8\v2.10\pic\sources\c99\common\sqrtf.c estimated size: 1217

C:\Program Files (x86)\Microchip\xc8\v2.10\pic\sources\c99\common\isspace.c
		_isspace       		CODE           	667A	0000	85

C:\Program Files (x86)\Microchip\xc8\v2.10\pic\sources\c99\common\isspace.c estimated size: 85

C:\Program Files (x86)\Microchip\xc8\v2.10\pic\sources\c99\common\fltol.c
		___fltol       		CODE           	5A1A	0000	265

C:\Program Files (x86)\Microchip\xc8\v2.10\pic\sources\c99\common\fltol.c estimated size: 265

C:\Program Files (x86)\Microchip\xc8\v2.10\pic\sources\c99\common\aldiv.c
		___aldiv       		CODE           	590C	0000	271

C:\Program Files (x86)\Microchip\xc8\v2.10\pic\sources\c99\common\aldiv.c estimated size: 271

C:\Program Files (x86)\Microchip\xc8\v2.10\pic\sources\c99\common\powf.c
		_powf          		CODE           	0012	0000	10857

C:\Program Files (x86)\Microchip\xc8\v2.10\pic\sources\c99\common\powf.c estimated size: 10857

ControlZ.c
		_Control_LecturaFiltro		CODE           	608C	0000	179
		_Control_ConvertirDistancia		CODE           	5D2E	0000	245
		_Control_InsertBits		CODE           	6A4A	0000	57
		_Control_Z     		CODE           	45AC	0000	655

ControlZ.c estimated size: 1136

C:\Program Files (x86)\Microchip\xc8\v2.10\pic\sources\c99\common\sprcmul.c
		___flmul       		CODE           	3A4A	0000	1069

C:\Program Files (x86)\Microchip\xc8\v2.10\pic\sources\c99\common\sprcmul.c estimated size: 1069

Motor.c
		_Motor_MovimientoZ		CODE           	6622	0000	89
		_Motor_Movimiento		CODE           	61EE	0000	149
		_Motor_Movimiento_Home		CODE           	6886	0000	73
		_Motor_Conversion		CODE           	6400	0000	117
		_Motor_Calcular_PasosX		CODE           	6306	0000	133
		_Motor_Home    		CODE           	6E20	0000	13
		_Motor_Calcular_PasosY		CODE           	6282	0000	133

Motor.c estimated size: 707

C:\Program Files (x86)\Microchip\xc8\v2.10\pic\sources\c99\common\sprcdiv.c
		___fldiv       		CODE           	3E76	0000	925

C:\Program Files (x86)\Microchip\xc8\v2.10\pic\sources\c99\common\sprcdiv.c estimated size: 925

C:\Program Files (x86)\Microchip\xc8\v2.10\pic\sources\c99\common\scalbnf.c
		_scalbnf       		CODE           	4AA4	0000	575

C:\Program Files (x86)\Microchip\xc8\v2.10\pic\sources\c99\common\scalbnf.c estimated size: 575

User_Interface.c
		_Usart_Interface_OFF		CODE           	671A	0000	77
		_Usart_Interface_ON		CODE           	66CE	0000	77

User_Interface.c estimated size: 154

C:\Program Files (x86)\Microchip\xc8\v2.10\pic\sources\c99\common\flge.c
		___flge        		CODE           	5B22	0000	263

C:\Program Files (x86)\Microchip\xc8\v2.10\pic\sources\c99\common\flge.c estimated size: 263

EEPROM.c
		_EEPROM_Rx     		CODE           	6DCC	0000	23
		_EEPROM_Tx     		CODE           	6AEC	0000	53

EEPROM.c estimated size: 76

C:\Program Files (x86)\Microchip\xc8\v2.10\pic\sources\c99\common\flneg.c
		___flneg       		CODE           	6A10	0000	59

C:\Program Files (x86)\Microchip\xc8\v2.10\pic\sources\c99\common\flneg.c estimated size: 59

PWM.c
		_PWM_OneshotX  		CODE           	6B52	0000	51
		_PWM_OneshotY  		CODE           	6B20	0000	51
		_PWM_GeneratePulsos		CODE           	51DC	0000	349
		_PWM_InitF     		CODE           	6CEA	0000	33
		_PWM_InitS     		CODE           	6CCA	0000	33

PWM.c estimated size: 517

C:\Program Files (x86)\Microchip\xc8\v2.10\pic\sources\c99\common\fabsf.c
		_fabsf         		CODE           	6A82	0000	55

C:\Program Files (x86)\Microchip\xc8\v2.10\pic\sources\c99\common\fabsf.c estimated size: 55

shared
		i2_main_Home   		CODE           	68CE	0000	73
		_L5            		MEDIUMCONST    	0000	0000	0
		_P3            		MEDIUMCONST    	0000	0000	0
		_L6            		MEDIUMCONST    	0000	0000	0
		_P4            		MEDIUMCONST    	0000	0000	0
		_P5            		MEDIUMCONST    	0000	0000	0
		i2_PWM_OneshotX		CODE           	6BB4	0000	49
		i2_PWM_OneshotY		CODE           	6B84	0000	49
		i2_Motor_Home  		CODE           	6E2C	0000	13
		_lg2_l         		MEDIUMCONST    	0000	0000	0
		_ivln2_l       		MEDIUMCONST    	0000	0000	0
		_ivln2         		MEDIUMCONST    	0000	0000	0
		i2___fldiv     		CODE           	4212	0000	923
		i2___fltol     		CODE           	5C28	0000	263
		__initialization		CODE           	699A	0000	47
		_bp            		MEDIUMCONST    	7F69	0000	9
		_cp            		MEDIUMCONST    	0000	0000	0
		_cp_h          		MEDIUMCONST    	0000	0000	0
		_dp_h          		MEDIUMCONST    	7F09	0000	9
		_lg2           		MEDIUMCONST    	0000	0000	0
		_lg2_h         		MEDIUMCONST    	0000	0000	0
		_ivln2_h       		MEDIUMCONST    	0000	0000	0
		i2___xxtofl    		CODE           	4E9A	0000	437
		_tiny          		MEDIUMCONST    	0000	0000	0
		sqrtf@tiny     		MEDIUMCONST    	0000	0000	0
		_ovt           		MEDIUMCONST    	0000	0000	0
		i2_PWM_InitF   		CODE           	6D0A	0000	33
		i2_PWM_InitS   		CODE           	6D2A	0000	33
		i2_PWM_GeneratePulsos		CODE           	5338	0000	339
		_huge          		MEDIUMCONST    	0000	0000	0
		i2_Motor_Conversion		CODE           	6558	0000	115
		_two24         		MEDIUMCONST    	0000	0000	0
		_cp_l          		MEDIUMCONST    	0000	0000	0
		_dp_l          		MEDIUMCONST    	7F01	0000	9
		_L1            		MEDIUMCONST    	0000	0000	0
		_L2            		MEDIUMCONST    	0000	0000	0
		_L3            		MEDIUMCONST    	0000	0000	0
		_P1            		MEDIUMCONST    	0000	0000	0
		_L4            		MEDIUMCONST    	0000	0000	0
		_P2            		MEDIUMCONST    	0000	0000	0

shared estimated size: 2401

Interrupt.c
		_INT0_ACTION   		CODE           	6DE2	0000	23
		_INT1_ACTION   		CODE           	683E	0000	73
		_INT2_ACTION   		CODE           	67F6	0000	73
		_Int_Ext       		CODE           	6C80	0000	39
		_INT_isr       		CODE           	0008	0000	121

Interrupt.c estimated size: 329

ADC.c
		_ADC_Lectura   		CODE           	6D82	0000	27
		_ADC_Init      		CODE           	6C0C	0000	41

ADC.c estimated size: 68

Actuator.c
		_Actuator_Hold 		CODE           	6C5A	0000	39
		_Actuator_Retract		CODE           	6C34	0000	39
		_Actuator_Touch		CODE           	6958	0000	67

Actuator.c estimated size: 145

C:\Program Files (x86)\Microchip\xc8\v2.10\pic\sources\c99\common\isdigit.c
		_isdigit       		CODE           	69D6	0000	59

C:\Program Files (x86)\Microchip\xc8\v2.10\pic\sources\c99\common\isdigit.c estimated size: 59

C:\Program Files (x86)\Microchip\xc8\v2.10\pic\sources\c99\common\sprcadd.c
		___flsub       		CODE           	67AE	0000	73
		___fladd       		CODE           	30C8	0000	1219

C:\Program Files (x86)\Microchip\xc8\v2.10\pic\sources\c99\common\sprcadd.c estimated size: 1292

GPIOsparcA1.c
		_GPIO_init_PORTA		CODE           	6D66	0000	29
		_GPIO_init_PORTB		CODE           	6D9C	0000	27
		_GPIO_init_PORTC		CODE           	6E0C	0000	21
		_GPIO_init_PORTD		CODE           	6D4A	0000	29
		_GPIO_init_PORTE		CODE           	6DF8	0000	21

GPIOsparcA1.c estimated size: 127

C:\Program Files (x86)\Microchip\xc8\v2.10\pic\sources\c99\common\Umul16.c
		___wmul        		CODE           	6BE4	0000	41

C:\Program Files (x86)\Microchip\xc8\v2.10\pic\sources\c99\common\Umul16.c estimated size: 41

C:\Program Files (x86)\Microchip\xc8\v2.10\pic\sources\c99\common\nanf.c
		_nanf          		CODE           	6CA6	0000	37

C:\Program Files (x86)\Microchip\xc8\v2.10\pic\sources\c99\common\nanf.c estimated size: 37

main.c
		_main          		CODE           	5FDA	0000	179
		_main_Home     		CODE           	6766	0000	73

main.c estimated size: 252

